---
source: src-rust/app.rs
expression: "fixture_snapshot(80, 24)"
---
╭ Alphanus Alpha · Example ────────────────────────────────────────────────────╮
││ You                                                                         │
│Build a reliable terminal agent.                                              │
│                                                                              │
││ Alphanus                                                                    │
│I’ll inspect the repository and stream progress here.                         │
│                                                                              │
│Activity                                                                      │
│▶ read_file                                                                   │
│✓ search_code                                                                 │
│                                                                              │
│                                                                              │
│                                                                              │
│                                                                              │
│                                                                              │
│                                                                              │
│                                                                              │
│                                                                              │
╰──────────────────────────────────────────────────────────────────────────────╯
╭──────────────────────────────────────────────────────────────────────────────╮
│> Type a message…                                                             │
╰──────────────────────────────────────────────────────────────────────────────╯
 Ready
 Example · execute · fake-model · online
