---
source: src-rust/app.rs
expression: "fixture_snapshot(80, 24)"
---
╭ Alphanus ────────────────────────────────────────────────────────────────────╮
│┃ Build a reliable terminal agent.                                            │
│                                                                              │
│┃ I’ll inspect the repository and stream progress here.                       │
│┃ ▶ read_file                                                                 │
│┃ ✓ search_code                                                               │
│                                                                              │
│                                                                              │
│                                                                              │
│                                                                              │
│                                                                              │
│                                                                              │
│                                                                              │
│                                                                              │
│                                                                              │
│                                                                              │
│                                                                              │
│                                                                              │
╰──────────────────────────────────────────────────────────────────────────────╯
╭──────────────────────────────────────────────────────────────────────────────╮
│> Type a message…                                                             │
╰──────────────────────────────────────────────────────────────────────────────╯
 Ready
 Example · execute · fake-model · online
