---
source: src-rust/app.rs
expression: "fixture_snapshot(120, 40)"
---
╭ Alphanus ──────────────────────────────────────────────────────────────────────────────╮╭ Conversation Tree ─────────╮
│┃ Build a reliable terminal agent.                                                      ││› first turn                │
│                                                                                        ││  ⎇ alternate path          │
│┃ I’ll inspect the repository and stream progress here.                                 ││                            │
│┃ ▶ read_file                                                                           ││Inspector                   │
│┃ ✓ search_code                                                                         ││state: done                 │
│                                                                                        ││                            │
│                                                                                        ││                            │
│                                                                                        ││                            │
│                                                                                        ││                            │
│                                                                                        ││                            │
│                                                                                        ││                            │
│                                                                                        ││                            │
│                                                                                        ││                            │
│                                                                                        ││                            │
│                                                                                        ││                            │
│                                                                                        ││                            │
│                                                                                        ││                            │
│                                                                                        ││                            │
│                                                                                        ││                            │
│                                                                                        ││                            │
│                                                                                        ││                            │
│                                                                                        ││                            │
│                                                                                        ││                            │
│                                                                                        ││                            │
│                                                                                        ││                            │
│                                                                                        ││                            │
│                                                                                        ││                            │
│                                                                                        ││                            │
│                                                                                        ││                            │
│                                                                                        ││                            │
│                                                                                        ││                            │
│                                                                                        ││                            │
│                                                                                        ││                            │
╰────────────────────────────────────────────────────────────────────────────────────────╯│                            │
╭────────────────────────────────────────────────────────────────────────────────────────╮│                            │
│> Type a message…                                                                       ││                            │
╰────────────────────────────────────────────────────────────────────────────────────────╯│                            │
 Ready                                                                                    │                            │
 Example · execute · fake-model · online                                                  ╰────────────────────────────╯
